// Jest Snapshot v1, https://goo.gl/fbAQLP

exports[`renders correctly 1`] = `
<div
  className="container"
>
  <div
    className="fading-circle"
  />
  <div
    className="overlay"
  >
    This site is only supported in portrait mode. Please turn your phone.
  </div>
  <div
    className="block block--margin"
  >
    <div
      className="section-block"
    >
      <div
        className="title-component uppercase"
      >
        <div
          className="three-stars"
        >
          <span>
            ★
          </span>
          <span>
            ★
          </span>
          <span>
            ★
          </span>
        </div>
        <div
          className="title-component__description"
          dangerouslySetInnerHTML={
            Object {
              "__html": "Did my representatives accept campaign contributions <span class=\\"strike-out\\">from the NRA?</span>",
            }
          }
        />
      </div>
      <div
        className="animated fadeIn"
      >
        <form
          method="GET"
          onSubmit={[Function]}
        >
          <input
            className=""
            name="zipCode"
            onChange={[Function]}
            pattern="[0-9]*"
            placeholder="Enter Your Zip Code"
            type="text"
          />
          <div
            className="line-seperator"
          />
          <button
            className="text-button"
            onClick={[Function]}
            type="submit"
          >
            Continue
            <span
              className="text-button-border"
            />
          </button>
        </form>
      </div>
    </div>
    <div
      className="second-wrapper"
      id="fullpage"
    />
  </div>
</div>
`;
