// Jest Snapshot v1, https://goo.gl/fbAQLP

exports[`MemberResultsTitle single legislator is rep 1`] = `
<div
  className="title-component "
>
  <div
    className="title-component__description"
    dangerouslySetInnerHTML={
      Object {
        "__html": "",
      }
    }
  />
</div>
`;

exports[`MemberResultsTitle single legislator is senator 1`] = `
<div
  className="title-component "
>
  <div
    className="title-component__description"
    dangerouslySetInnerHTML={
      Object {
        "__html": "",
      }
    }
  />
</div>
`;

exports[`MemberResultsTitle three legeslators is senators & rep 1`] = `
<div
  className="title-component "
>
  <div
    className="title-component__description"
    dangerouslySetInnerHTML={
      Object {
        "__html": "",
      }
    }
  />
</div>
`;

exports[`MemberResultsTitle two legislators is rep & senator 1`] = `
<div
  className="title-component "
>
  <div
    className="title-component__description"
    dangerouslySetInnerHTML={
      Object {
        "__html": "",
      }
    }
  />
</div>
`;

exports[`MemberResultsTitle two legislators is senator & rep 1`] = `
<div
  className="title-component "
>
  <div
    className="title-component__description"
    dangerouslySetInnerHTML={
      Object {
        "__html": "",
      }
    }
  />
</div>
`;

exports[`MemberResultsTitle two legislators is senators 1`] = `
<div
  className="title-component "
>
  <div
    className="title-component__description"
    dangerouslySetInnerHTML={
      Object {
        "__html": "",
      }
    }
  />
</div>
`;
