// Jest Snapshot v1, https://goo.gl/fbAQLP

exports[`renders correctly payment=0 1`] = `
<span
  className="member__payment"
>
  <span
    className="counter__accept"
  >
    Received
  </span>
  <span
    className="counter__digit digit__margin"
  >
    $
    <span
      className="counter__gradient-top"
    />
  </span>
  <span
    className="counter__digit"
  >
    0
    <span
      className="counter__gradient-top"
    />
  </span>
  <span
    className="counter__from"
  >
    from their top 
    5
     contributing industries
  </span>
</span>
`;

exports[`renders correctly payment=1000 1`] = `
<span
  className="member__payment"
>
  <span
    className="counter__accept"
  >
    Received
  </span>
  <span
    className="counter__digit digit__margin"
  >
    $
    <span
      className="counter__gradient-top"
    />
  </span>
  <span
    className="counter__digit"
  >
    1
    <span
      className="counter__gradient-top"
    />
  </span>
  <span
    className="counter__digit"
  >
    0
    <span
      className="counter__gradient-top"
    />
  </span>
  <span
    className="counter__digit"
  >
    0
    <span
      className="counter__gradient-top"
    />
  </span>
  <span
    className="counter__digit"
  >
    0
    <span
      className="counter__gradient-top"
    />
  </span>
  <span
    className="counter__from"
  >
    from their top 
    5
     contributing industries
  </span>
</span>
`;

exports[`renders correctly payment=50000 1`] = `
<span
  className="member__payment"
>
  <span
    className="counter__accept"
  >
    Received
  </span>
  <span
    className="counter__digit digit__margin"
  >
    $
    <span
      className="counter__gradient-top"
    />
  </span>
  <span
    className="counter__digit"
  >
    5
    <span
      className="counter__gradient-top"
    />
  </span>
  <span
    className="counter__digit"
  >
    0
    <span
      className="counter__gradient-top"
    />
  </span>
  <span
    className="counter__digit"
  >
    0
    <span
      className="counter__gradient-top"
    />
  </span>
  <span
    className="counter__digit"
  >
    0
    <span
      className="counter__gradient-top"
    />
  </span>
  <span
    className="counter__digit"
  >
    0
    <span
      className="counter__gradient-top"
    />
  </span>
  <span
    className="counter__from"
  >
    from their top 
    10
     contributing industries
  </span>
</span>
`;
